---
source: tests/generated_from_inputs.rs
description: "// declaration and initialization in same statement\n\nint main() {\n int x = 7;\n printInt(x);\n return 0 ;\n\n}"
---
; ModuleID = 'core007'
source_filename = "core007"

%string = type { i8*, i32 }

declare void @printInt(i32)

declare void @printString(%string*)

declare i32 @readInt()

declare %string* @readString()

declare void @error()

declare %string* @newString(i8*, i32)

declare %string* @stringConcat(%string*, %string*)

declare i32 @stringEqual(%string*, %string*)

define i32 @main() {
b0:
  call void @printInt(i32 7)
  ret i32 0
}

