---
source: tests/generated_from_inputs.rs
description: "int main() {\n    int x = 10;\n    int y = x + 5;\n    x = x - 1;\n    if (x < 3) {\n       x = 4;\n    }\n    printInt(x);\n    return 0;\n}"
---
; ModuleID = 'ir_test'
source_filename = "ir_test"

@dnl = private unnamed_addr constant [4 x i8] c"%d\0A\00", align 1

declare i32 @printf(ptr, ...)

define void @printInt(i32 %0) {
entry:
  %call = call i32 (ptr, ...) @printf(ptr @dnl, i32 %0)
  ret void
}

define i32 @main() {
b0:
  call void @printInt(i32 9)
  ret i32 0
}

