---
source: tests/generated_from_inputs.rs
description: "int main() {\n    int x = 5;\n    return 0;\n    x++;\n    x--;\n}"
---
; ModuleID = 'stmts_after_return'
source_filename = "stmts_after_return"

declare void @memcpy(ptr, ptr, i32)

declare void @printInt(i32)

declare void @printString(ptr)

declare i32 @readInt()

declare ptr @readString()

declare void @error()

define i32 @main() {
b0:
  ret i32 0
}

