---
source: tests/generated_from_inputs.rs
description: "/* division */\n\nint main() {\n  { printInt(-42 / -1); }\n  return 0 ;\n\n}\n"
---
; ModuleID = 'core032'
source_filename = "core032"

declare void @memcpy(ptr, ptr, i32)

declare void @printInt(i32)

declare void @printString(ptr)

declare i32 @readInt()

declare ptr @readString()

declare void @error()

define i32 @main() {
b0:
  call void @printInt(i32 42)
  ret i32 0
}

