---
source: tests/generated_from_inputs.rs
description: "/* usage of variable initialized in both branches. */\n\nint main () {\n  int x;\n  int y = 56;\n  if (y + 45 <= 2) {\n    x = 1;\n  } else {\n    x = 2;\n  }\n  printInt(x);\n  return 0 ;\n\n}"
---
; ModuleID = 'core005'
source_filename = "core005"

declare void @printInt(i32)

declare void @printString(ptr)

declare i32 @readInt()

declare ptr @readString()

declare void @error()

define i32 @main() {
b0:
  call void @printInt(i32 2)
  ret i32 0
}

