---
source: tests/generated_from_inputs.rs
description: "/* Test boolean operators. */\n\nint main() {\n  printString(\"&&\");\n  printBool(test(-1) && test(0));\n  printBool(test(-2) && test(1));\n  printBool(test(3) && test(-5));\n  printBool(test(234234) && test(21321));\n  printString(\"||\");\n  printBool(test(-1) || test(0));\n  printBool(test(-2) || test(1));\n  printBool(test(3) || test(-5));\n  printBool(test(234234) || test(21321));\n  printString(\"!\");\n  printBool(true);\n  printBool(false);\n  return 0 ;\n\n}\n\nvoid printBool(boolean b) {\n  if (!b) {\n    printString(\"false\");\n  } else {\n    printString(\"true\");\n }\n return;\n}\n\nboolean test(int i) {\n  printInt(i);\n  return i > 0;\n}"
---
; ModuleID = 'core013'
source_filename = "core013"

%string = type { i8*, i32 }

declare void @printInt(i32)

declare void @printString(%string*)

declare i32 @readInt()

declare %string* @readString()

declare void @error()

declare %string* @newString(i8*, i32)

declare %string* @stringConcat(%string*, %string*)

declare i32 @stringEqual(%string*, %string*)

define i32 @main() {
b0:
  %str_ptr = alloca [2 x i8], align 1
  store [2 x i8] c"&&", [2 x i8]* %str_ptr, align 1
  %str_ptr1 = bitcast [2 x i8]* %str_ptr to i8*
  %new_string = call %string* @newString(i8* %str_ptr1, i32 2)
  call void @printString(%string* %new_string)
  %test = call i1 @test(i32 -1)
  br i1 %test, label %b2, label %b3

b1:                                               ; preds = %b2
  br label %b4

b2:                                               ; preds = %b0
  %test2 = call i1 @test(i32 0)
  br i1 %test2, label %b1, label %b3

b3:                                               ; preds = %b2, %b0
  br label %b4

b4:                                               ; preds = %b3, %b1
  %v9 = phi i1 [ true, %b1 ], [ false, %b3 ]
  call void @printBool(i1 %v9)
  %test3 = call i1 @test(i32 -2)
  br i1 %test3, label %b6, label %b7

b5:                                               ; preds = %b6
  br label %b8

b6:                                               ; preds = %b4
  %test4 = call i1 @test(i32 1)
  br i1 %test4, label %b5, label %b7

b7:                                               ; preds = %b6, %b4
  br label %b8

b8:                                               ; preds = %b7, %b5
  %v18 = phi i1 [ true, %b5 ], [ false, %b7 ]
  call void @printBool(i1 %v18)
  %test5 = call i1 @test(i32 3)
  br i1 %test5, label %b10, label %b11

b9:                                               ; preds = %b10
  br label %b12

b10:                                              ; preds = %b8
  %test6 = call i1 @test(i32 -5)
  br i1 %test6, label %b9, label %b11

b11:                                              ; preds = %b10, %b8
  br label %b12

b12:                                              ; preds = %b11, %b9
  %v27 = phi i1 [ true, %b9 ], [ false, %b11 ]
  call void @printBool(i1 %v27)
  %test7 = call i1 @test(i32 234234)
  br i1 %test7, label %b14, label %b15

b13:                                              ; preds = %b14
  br label %b16

b14:                                              ; preds = %b12
  %test8 = call i1 @test(i32 21321)
  br i1 %test8, label %b13, label %b15

b15:                                              ; preds = %b14, %b12
  br label %b16

b16:                                              ; preds = %b15, %b13
  %v35 = phi i1 [ true, %b13 ], [ false, %b15 ]
  call void @printBool(i1 %v35)
  %str_ptr9 = alloca [2 x i8], align 1
  store [2 x i8] c"||", [2 x i8]* %str_ptr9, align 1
  %str_ptr10 = bitcast [2 x i8]* %str_ptr9 to i8*
  %new_string11 = call %string* @newString(i8* %str_ptr10, i32 2)
  call void @printString(%string* %new_string11)
  %test12 = call i1 @test(i32 -1)
  br i1 %test12, label %b17, label %b18

b17:                                              ; preds = %b18, %b16
  br label %b20

b18:                                              ; preds = %b16
  %test13 = call i1 @test(i32 0)
  br i1 %test13, label %b17, label %b19

b19:                                              ; preds = %b18
  br label %b20

b20:                                              ; preds = %b19, %b17
  %v46 = phi i1 [ true, %b17 ], [ false, %b19 ]
  call void @printBool(i1 %v46)
  %test14 = call i1 @test(i32 -2)
  br i1 %test14, label %b21, label %b22

b21:                                              ; preds = %b22, %b20
  br label %b24

b22:                                              ; preds = %b20
  %test15 = call i1 @test(i32 1)
  br i1 %test15, label %b21, label %b23

b23:                                              ; preds = %b22
  br label %b24

b24:                                              ; preds = %b23, %b21
  %v55 = phi i1 [ true, %b21 ], [ false, %b23 ]
  call void @printBool(i1 %v55)
  %test16 = call i1 @test(i32 3)
  br i1 %test16, label %b25, label %b26

b25:                                              ; preds = %b26, %b24
  br label %b28

b26:                                              ; preds = %b24
  %test17 = call i1 @test(i32 -5)
  br i1 %test17, label %b25, label %b27

b27:                                              ; preds = %b26
  br label %b28

b28:                                              ; preds = %b27, %b25
  %v64 = phi i1 [ true, %b25 ], [ false, %b27 ]
  call void @printBool(i1 %v64)
  %test18 = call i1 @test(i32 234234)
  br i1 %test18, label %b29, label %b30

b29:                                              ; preds = %b30, %b28
  br label %b32

b30:                                              ; preds = %b28
  %test19 = call i1 @test(i32 21321)
  br i1 %test19, label %b29, label %b31

b31:                                              ; preds = %b30
  br label %b32

b32:                                              ; preds = %b31, %b29
  %v72 = phi i1 [ true, %b29 ], [ false, %b31 ]
  call void @printBool(i1 %v72)
  %str_ptr20 = alloca [1 x i8], align 1
  store [1 x i8] c"!", [1 x i8]* %str_ptr20, align 1
  %str_ptr21 = bitcast [1 x i8]* %str_ptr20 to i8*
  %new_string22 = call %string* @newString(i8* %str_ptr21, i32 1)
  call void @printString(%string* %new_string22)
  call void @printBool(i1 true)
  call void @printBool(i1 false)
  ret i32 0
}

define void @printBool(i1 %0) {
b0:
  %v1 = xor i1 %0, true
  br i1 %v1, label %b1, label %b2

b1:                                               ; preds = %b0
  %str_ptr = alloca [5 x i8], align 1
  store [5 x i8] c"false", [5 x i8]* %str_ptr, align 1
  %str_ptr1 = bitcast [5 x i8]* %str_ptr to i8*
  %new_string = call %string* @newString(i8* %str_ptr1, i32 5)
  call void @printString(%string* %new_string)
  br label %b3

b2:                                               ; preds = %b0
  %str_ptr2 = alloca [4 x i8], align 1
  store [4 x i8] c"true", [4 x i8]* %str_ptr2, align 1
  %str_ptr3 = bitcast [4 x i8]* %str_ptr2 to i8*
  %new_string4 = call %string* @newString(i8* %str_ptr3, i32 4)
  call void @printString(%string* %new_string4)
  br label %b3

b3:                                               ; preds = %b2, %b1
  ret void
}

define i1 @test(i32 %0) {
b0:
  call void @printInt(i32 %0)
  %v3 = icmp sgt i32 %0, 0
  ret i1 %v3
}

