---
source: tests/generated_from_inputs.rs
description: "int main() {\n    int x = 10;\n    int y = x + 5;\n    x = x - 1;\n    if (x < 3) {\n       x = 4;\n    }\n    printInt(x);\n    return 0;\n}"
---
; ModuleID = 'ir_test'
source_filename = "ir_test"

declare void @memcpy(ptr, ptr, i32)

declare void @printInt(i32)

declare void @printString(ptr)

declare i32 @readInt()

declare ptr @readString()

declare void @error()

define i32 @main() {
b0:
  call void @printInt(i32 9)
  ret i32 0
}

