---
source: tests/generated_from_inputs.rs
description: "// Declaration of multiple variables of the same type in one statement:\n\nint main () {\n  int x, y;\n  x = 45;\n  y = -36;\n  printInt(x);\n  printInt(y);\n  return 0 ;\n\n}"
---
; ModuleID = 'core006'
source_filename = "core006"

@dnl = private unnamed_addr constant [4 x i8] c"%d\0A\00", align 1

declare i32 @printf(ptr, ...)

define void @printInt(i32 %0) {
entry:
  %call = call i32 (ptr, ...) @printf(ptr @dnl, i32 %0)
  ret void
}

define i32 @main() {
b0:
  call void @printInt(i32 45)
  call void @printInt(i32 -36)
  ret i32 0
}

