---
source: tests/generated_from_inputs.rs
description: "/* Test boolean operators */\n\nint main () {\n  int x = 4;\n  if (3 <= x && 4 != 2 && true) {\n    printBool(true);\n  } else {\n    printString(\"apa\");\n  }\n\n  printBool(true == true || dontCallMe(1));\n  printBool(4 < -5 && dontCallMe(2));\n\n  printBool(4 == x && true == !false && true);\n\n  printBool(implies(false,false));\n  printBool(implies(false,true));\n  printBool(implies(true,false));\n  printBool(implies(true,true));\n  return 0 ;\n\n}\n\nboolean dontCallMe(int x) {\n  printInt(x);\n  return true;\n}\n\nvoid printBool(boolean b) {\n  if (b) {\n    printString(\"true\");\n  } else {\n    printString(\"false\");\n }\n return;\n}\n\nboolean implies(boolean x, boolean y) {\n  return !x || x == y;\n}\n"
---

