---
source: tests/generated_from_inputs.rs
description: "int main () {\n  int n;\n  if (n > 2) {\n    n = 10;\n  }\n\n  if (n < 2) {\n    return 1;\n  } else if (n > 3) {\n      if (n > 5) {\n        // haha\n      } else {\n        return 3;\n      }\n  } else {\n    return 3;\n  }\n}\n"
---
[31mError:[0m Type error
    [38;5;246m╭[0m[38;5;246m─[0m[38;5;246m[[0mno_return_in_if_3:1:13[38;5;246m][0m
    [38;5;246m│[0m
 [38;5;246m 1 │[0m [31m╭[0m[31m─[0m[31m▶[0m[31m [0m[38;5;249mi[0m[38;5;249mn[0m[38;5;249mt[0m[38;5;249m [0m[38;5;249mm[0m[38;5;249ma[0m[38;5;249mi[0m[38;5;249mn[0m[38;5;249m [0m[38;5;249m([0m[38;5;249m)[0m[38;5;249m [0m[31m{[0m
 [38;5;246m   ⋮[0m [31m⋮[0m   
 [38;5;246m18 │[0m [31m├[0m[31m─[0m[31m▶[0m[31m [0m[31m}[0m
 [38;5;246m   ·[0m [31m│[0m       
 [38;5;246m   ·[0m [31m╰[0m[31m─[0m[31m─[0m[31m─[0m[31m─[0m[31m─[0m[31m─[0m[31m─[0m Missing return statement
[38;5;246m────╯[0m

