---
source: tests/generated_from_inputs.rs
description: "// Author: Tomasz Wysocki 277696\nint main() {\n    int abcABC000___ = 0;\n    return abcABC000___;\n}\n"
---
; ModuleID = 'fine_ident'
source_filename = "fine_ident"

declare void @printInt(i32)

declare void @printString(ptr)

declare i32 @readInt()

declare ptr @readString()

declare void @error()

define i32 @main() {
b0:
  ret i32 0
}

