---
source: tests/generated_from_inputs.rs
description: "/* allow comparing booleans. */\n\nint main() {\n  if (true == true) { printInt(42); }\n  return 0 ;\n\n}"
---
; ModuleID = 'core004'
source_filename = "core004"

declare void @memcpy(ptr, ptr, i32)

declare void @printInt(i32)

declare void @printString(ptr)

declare i32 @readInt()

declare ptr @readString()

declare void @error()

define i32 @main() {
b0:
  call void @printInt(i32 42)
  ret i32 0
}

