---
source: tests/generated_from_inputs.rs
description: "// Author: Tomasz Wysocki 277696\n\nint main() {\n    while(false);\n    printInt(1);\n    return 0;\n}\n"
---
; ModuleID = 'empty_while'
source_filename = "empty_while"

@dnl = private unnamed_addr constant [4 x i8] c"%d\0A\00", align 1

declare i32 @printf(ptr, ...)

define void @printInt(i32 %0) {
entry:
  %call = call i32 (ptr, ...) @printf(ptr @dnl, i32 %0)
  ret void
}

define i32 @main() {
b0:
  br label %b1

b1:                                               ; preds = %b0
  br label %b2

b2:                                               ; preds = %b1
  call void @printInt(i32 1)
  ret i32 0
}

