---
source: tests/generated_from_inputs.rs
description: "// Autor: Tomasz Wysocki 277696\nint main() {\n    printInt(1);\n    return 0;\n}\n"
---
; ModuleID = 'print_int'
source_filename = "print_int"

declare void @memcpy(ptr, ptr, i32)

declare void @printInt(i32)

declare void @printString(ptr)

declare i32 @readInt()

declare ptr @readString()

declare void @error()

define i32 @main() {
b0:
  call void @printInt(i32 1)
  ret i32 0
}

