---
source: tests/generated_from_inputs.rs
description: "int main() {\n    error();\n    return 0;\n}"
---
; ModuleID = 'error'
source_filename = "error"

declare void @memcpy(ptr, ptr, i32)

declare void @printInt(i32)

declare void @printString(ptr)

declare i32 @readInt()

declare ptr @readString()

declare void @error()

define i32 @main() {
b0:
  call void @error()
  ret i32 0
}

