---
source: tests/generated_from_inputs.rs
description: "// Author: Tomasz Wysocki 277696\nint main() {\n    if(1 <= 1)\n        printString(\"4\");\n    if(1 >= 1)\n        printString(\"4\");\n    if(1 > 1)\n        printString(\"5\");\n    if(1 < 1)\n        printString(\"5\");\n    if(1 < 2)\n        printString(\"6\");\n    if(2 > 1)\n        printString(\"6\");\n    if(1 > 2)\n        printString(\"7\");\n    if(2 < 1)\n        printString(\"7\");\n    return 0;\n}\n"
---
; ModuleID = 'compare'
source_filename = "compare"

%string = type { i8*, i32 }

declare void @printInt(i32)

declare void @printString(%string*)

declare i32 @readInt()

declare %string* @readString()

declare void @error()

declare %string* @newString(i8*, i32)

declare %string* @stringConcat(%string*, %string*)

declare i32 @stringEqual(%string*, %string*)

define i32 @main() {
b0:
  %str_ptr = alloca [1 x i8], align 1
  store [1 x i8] c"4", [1 x i8]* %str_ptr, align 1
  %str_ptr1 = bitcast [1 x i8]* %str_ptr to i8*
  %new_string = call %string* @newString(i8* %str_ptr1, i32 1)
  call void @printString(%string* %new_string)
  %str_ptr2 = alloca [1 x i8], align 1
  store [1 x i8] c"4", [1 x i8]* %str_ptr2, align 1
  %str_ptr3 = bitcast [1 x i8]* %str_ptr2 to i8*
  %new_string4 = call %string* @newString(i8* %str_ptr3, i32 1)
  call void @printString(%string* %new_string4)
  %str_ptr5 = alloca [1 x i8], align 1
  store [1 x i8] c"6", [1 x i8]* %str_ptr5, align 1
  %str_ptr6 = bitcast [1 x i8]* %str_ptr5 to i8*
  %new_string7 = call %string* @newString(i8* %str_ptr6, i32 1)
  call void @printString(%string* %new_string7)
  %str_ptr8 = alloca [1 x i8], align 1
  store [1 x i8] c"6", [1 x i8]* %str_ptr8, align 1
  %str_ptr9 = bitcast [1 x i8]* %str_ptr8 to i8*
  %new_string10 = call %string* @newString(i8* %str_ptr9, i32 1)
  call void @printString(%string* %new_string10)
  ret i32 0
}

