---
source: tests/fixtures.rs
description: "/* allow comparing booleans. */\n\nint main() {\n  if (true == true) { printInt(42); }\n  return 0 ;\n\n}"
input_file: inputs/good/core004.lat
---
; ModuleID = 'core004'
source_filename = "core004"

%string = type { i8*, i32 }

declare void @printInt(i32)

declare void @printString(%string*)

declare i32 @readInt()

declare %string* @readString()

declare void @error()

declare %string* @newString(i8*, i32)

declare %string* @stringConcat(%string*, %string*)

declare i32 @stringEqual(%string*, %string*)

define i32 @main() {
b0:
  br i1 true, label %b1, label %b2

b1:                                               ; preds = %b0
  call void @printInt(i32 42)
  br label %b2

b2:                                               ; preds = %b1, %b0
  ret i32 0
}

