---
source: tests/generated_from_inputs.rs
description: "int main() {\n    int x;\n    printInt(x);\n    return 0;\n}\n"
---
; ModuleID = 'core022'
source_filename = "core022"

declare void @printInt(i32)

declare void @printString(ptr)

declare i32 @readInt()

declare ptr @readString()

declare void @error()

define i32 @main() {
b0:
  call void @printInt(i32 0)
  ret i32 0
}

