---
source: tests/generated_from_inputs.rs
description: "int main() {\n    {   \n        int x = 5;\n        return 0;\n    }\n    int y = 6;\n    y++;\n}"
---
; ModuleID = 'stmts_after_return_block'
source_filename = "stmts_after_return_block"

%string = type { i8*, i32 }

declare void @printInt(i32)

declare void @printString(%string*)

declare i32 @readInt()

declare %string* @readString()

declare void @error()

declare %string* @newString(i8*, i32)

declare %string* @stringConcat(%string*, %string*)

declare i32 @stringEqual(%string*, %string*)

define i32 @main() {
b0:
  ret i32 0
}

