---
source: tests/generated_from_inputs.rs
description: "int main() {\n    if (false) {\n        printInt(2);\n    } else {\n        return 0;\n    }\n}"
---
; ModuleID = 'if_false_always_returns'
source_filename = "if_false_always_returns"

declare void @printInt(i32)

declare void @printString(ptr)

declare i32 @readInt()

declare ptr @readString()

declare void @error()

define i32 @main() {
b0:
  ret i32 0
}

