---
source: tests/generated_from_inputs.rs
description: "int main() {\n    {\n        int x = 5;\n        return x;\n    }\n}"
---
; ModuleID = 'nested_block_return'
source_filename = "nested_block_return"

@dnl = private unnamed_addr constant [4 x i8] c"%d\0A\00", align 1

declare i32 @printf(ptr, ...)

define void @printInt(i32 %0) {
entry:
  %call = call i32 (ptr, ...) @printf(ptr @dnl, i32 %0)
  ret void
}

define i32 @main() {
b0:
  ret i32 5
}

