---
source: tests/generated_from_inputs.rs
description: "// Author: Tomasz Wysocki 277696\nint main() {\n    while(true) {\n        return 0;\n    }\n}\n"
---
; ModuleID = 'while_true'
source_filename = "while_true"

declare void @memcpy(ptr, ptr, i32)

declare void @printInt(i32)

declare void @printString(ptr)

declare i32 @readInt()

declare ptr @readString()

declare void @error()

define i32 @main() {
b0:
  br label %b1

b1:                                               ; preds = %b0
  br label %b2

b2:                                               ; preds = %b1
  ret i32 0
}

