---
source: tests/generated_from_inputs.rs
description: "// Author: Tomasz Wysocki 277696\nint main() {\n    printInt(5 % 3);\n    printInt(-5 % 3); // -2 - sic!\n    return 0;\n}\n"
---
; ModuleID = 'mod'
source_filename = "mod"

declare void @memcpy(ptr, ptr, i32)

declare void @printInt(i32)

declare void @printString(ptr)

declare i32 @readInt()

declare ptr @readString()

declare void @error()

define i32 @main() {
b0:
  call void @printInt(i32 2)
  call void @printInt(i32 -2)
  ret i32 0
}

