---
source: tests/generated_from_inputs.rs
description: "int funkcja_ifbooltrudny (boolean f, boolean t) {\n  if ((!f && f) || !(f || !t)) {\n    printInt(1042);\n  } else {\n    printInt(2042);\n  }\n  return 0;\n}\n\nint main () {\n  funkcja_ifbooltrudny (false, true);\n  return 0;\n}\n"
---
; ModuleID = 'core033'
source_filename = "core033"

@dnl = private unnamed_addr constant [4 x i8] c"%d\0A\00", align 1

declare i32 @printf(ptr, ...)

define void @printInt(i32 %0) {
entry:
  %call = call i32 (ptr, ...) @printf(ptr @dnl, i32 %0)
  ret void
}

define i32 @funkcja_ifbooltrudny(i1 %0, i1 %1) {
b0:
  %v2 = xor i1 %0, true
  %v3 = and i1 %v2, %0
  %v4 = xor i1 %1, true
  %v5 = or i1 %0, %v4
  %v6 = xor i1 %v5, true
  %v7 = or i1 %v3, %v6
  br i1 %v7, label %b2, label %b3

b1:                                               ; preds = %b3, %b2
  ret i32 0

b2:                                               ; preds = %b0
  call void @printInt(i32 1042)
  br label %b1

b3:                                               ; preds = %b0
  call void @printInt(i32 2042)
  br label %b1
}

define i32 @main() {
b0:
  %funkcja_ifbooltrudny = call i32 @funkcja_ifbooltrudny(i1 false, i1 true)
  ret i32 0
}

