---
source: tests/generated_from_inputs.rs
description: "// Author: Tomasz Wysocki 277696\n\nint main() {\n    if(false);\n    printInt(1);\n    return 0;\n}\n"
---
; ModuleID = 'empty_if'
source_filename = "empty_if"

declare void @memcpy(ptr, ptr, i32)

declare void @printInt(i32)

declare void @printString(ptr)

declare i32 @readInt()

declare ptr @readString()

declare void @error()

define i32 @main() {
b0:
  call void @printInt(i32 1)
  ret i32 0
}

