---
source: tests/generated_from_inputs.rs
description: "int main() {\n  int x;\n  printInt(x);\n  return 0;\n}\n"
---
; ModuleID = 'core028'
source_filename = "core028"

%string = type { i8*, i32 }

declare void @printInt(i32)

declare void @printString(%string*)

declare i32 @readInt()

declare %string* @readString()

declare void @error()

declare %string* @newString(i8*, i32)

declare %string* @stringConcat(%string*, %string*)

declare i32 @stringEqual(%string*, %string*)

define i32 @main() {
b0:
  call void @printInt(i32 0)
  ret i32 0
}

