---
source: tests/generated_from_inputs.rs
description: "int main() {\n    {   \n        int x = 5;\n        return 0;\n    }\n    int y = 6;\n    y++;\n}"
---
; ModuleID = 'stmts_after_return_block'
source_filename = "stmts_after_return_block"

%string = type { ptr, i32, i32 }

@dnl = private unnamed_addr constant [4 x i8] c"%d\0A\00", align 1
@snl = private unnamed_addr constant [6 x i8] c"%.*s\0A\00", align 1

declare i32 @printf(ptr, ...)

define void @printInt(i32 %0) {
entry:
  %call = call i32 (ptr, ...) @printf(ptr @dnl, i32 %0)
  ret void
}

define void @printString(ptr %0) {
entry:
  %buf_ptr = getelementptr inbounds %string, ptr %0, i32 0, i32 0
  %len_ptr = getelementptr inbounds %string, ptr %0, i32 0, i32 1
  %buf = load ptr, ptr %buf_ptr, align 8
  %len = load i32, ptr %len_ptr, align 4
  %call = call i32 (ptr, ...) @printf(ptr @snl, i32 %len, ptr %buf)
  ret void
}

define i32 @main() {
b0:
  ret i32 0
}

