---
source: src/lexer.rs
description: "// Hello world\n\nint main () {\n  printString(\"hello world\") ;\n  return 0 ;\n}"
---
[
    Ok(
        (
            16,
            Ident(
                "int",
            ),
            19,
        ),
    ),
    Ok(
        (
            20,
            Ident(
                "main",
            ),
            24,
        ),
    ),
    Ok(
        (
            25,
            LParen,
            26,
        ),
    ),
    Ok(
        (
            26,
            RParen,
            27,
        ),
    ),
    Ok(
        (
            28,
            LBrace,
            29,
        ),
    ),
    Ok(
        (
            32,
            Ident(
                "printString",
            ),
            43,
        ),
    ),
    Ok(
        (
            43,
            LParen,
            44,
        ),
    ),
    Ok(
        (
            44,
            Str(
                "\"hello world\"",
            ),
            57,
        ),
    ),
    Ok(
        (
            57,
            RParen,
            58,
        ),
    ),
    Ok(
        (
            59,
            Semicolon,
            60,
        ),
    ),
    Ok(
        (
            63,
            Return,
            69,
        ),
    ),
    Ok(
        (
            70,
            Num(
                0,
            ),
            71,
        ),
    ),
    Ok(
        (
            72,
            Semicolon,
            73,
        ),
    ),
    Ok(
        (
            74,
            RBrace,
            75,
        ),
    ),
]
