---
source: src/lexer.rs
description: 1 + 2 * 3
---
[
    Ok(
        (
            0,
            Num(
                1,
            ),
            1,
        ),
    ),
    Ok(
        (
            2,
            Plus,
            3,
        ),
    ),
    Ok(
        (
            4,
            Num(
                2,
            ),
            5,
        ),
    ),
    Ok(
        (
            6,
            Star,
            7,
        ),
    ),
    Ok(
        (
            8,
            Num(
                3,
            ),
            9,
        ),
    ),
]
