---
source: src/lexer.rs
description: "1 + # comment\n// /* comment */\n// comment\n2 /* comment */ == 3 /*\nprobably\n*/"
---
[
    Ok(
        (
            0,
            Num(
                1,
            ),
            1,
        ),
    ),
    Ok(
        (
            2,
            Plus,
            3,
        ),
    ),
    Err(
        Spanned {
            span: 4..5,
            value: Other,
        },
    ),
    Ok(
        (
            6,
            Ident(
                "comment",
            ),
            13,
        ),
    ),
    Ok(
        (
            42,
            Num(
                2,
            ),
            43,
        ),
    ),
    Ok(
        (
            58,
            EqualEqual,
            60,
        ),
    ),
    Ok(
        (
            61,
            Num(
                3,
            ),
            62,
        ),
    ),
]
