---
source: src/parser.rs
description: "void main() {\n    if (a) {\n        b;\n    } else {\n        while (true) {\n            int test;\n            int test2 = 3, test8;\n            int x() {}\n            c;\n        }\n    }\n}"
---
Err(
    UnrecognizedToken {
        token: (
            147,
            LParen,
            148,
        ),
        expected: [
            "\",\"",
            "\";\"",
            "\"=\"",
        ],
    },
)
